// Jest Snapshot v1, https://goo.gl/fbAQLP

exports[`HomeScreen Tests Render correctly 1`] = `
<RCTSafeAreaView
  style={
    Object {
      "backgroundColor": "#eee",
      "flex": 1,
    }
  }
>
  <View
    style={
      Object {
        "alignItems": "center",
        "backgroundColor": "#aabbdd",
        "flexDirection": "row",
        "padding": 16,
      }
    }
  >
    <View
      accessible={true}
      collapsable={false}
      focusable={true}
      onClick={[Function]}
      onResponderGrant={[Function]}
      onResponderMove={[Function]}
      onResponderRelease={[Function]}
      onResponderTerminate={[Function]}
      onResponderTerminationRequest={[Function]}
      onStartShouldSetResponder={[Function]}
      style={
        Object {
          "opacity": 1,
        }
      }
    >
      <Image
        source={
          Object {
            "testUri": "../../../src/assets/arrow.png",
          }
        }
        style={
          Object {
            "height": 24,
            "width": 24,
          }
        }
      />
    </View>
    <Text
      style={
        Object {
          "alignItems": "center",
          "fontSize": 18,
          "fontWeight": "bold",
          "marginStart": 16,
        }
      }
    >
      Users
    </Text>
  </View>
  <View>
    <Text
      testID="welcome-name"
    >
      Welcome 
    </Text>
    <Text>
      Today's Date: 
      22/09/2022
    </Text>
  </View>
  <View
    style={
      Object {
        "margin": 16,
      }
    }
  >
    <RCTScrollView
      ListEmptyComponent={[Function]}
      data={Array []}
      getItem={[Function]}
      getItemCount={[Function]}
      keyExtractor={[Function]}
      onContentSizeChange={[Function]}
      onLayout={[Function]}
      onMomentumScrollBegin={[Function]}
      onMomentumScrollEnd={[Function]}
      onScroll={[Function]}
      onScrollBeginDrag={[Function]}
      onScrollEndDrag={[Function]}
      removeClippedSubviews={false}
      renderItem={[Function]}
      scrollEventThrottle={50}
      stickyHeaderIndices={Array []}
      testID="flatList-user"
      viewabilityConfigCallbackPairs={Array []}
    >
      <View>
        <View>
          <Text
            style={
              Object {
                "alignItems": "center",
                "fontSize": 18,
                "fontWeight": "bold",
                "marginStart": 16,
              }
            }
          >
            No Items
          </Text>
        </View>
      </View>
    </RCTScrollView>
  </View>
</RCTSafeAreaView>
`;
